// Jest Snapshot v1, https://goo.gl/fbAQLP

exports[`Semantic token provider snapshot test 1`] = `
[
  0,
  8,
  9,
  11,
  4,
  1,
  9,
  8,
  0,
  20,
  1,
  9,
  6,
  0,
  20,
  1,
  9,
  8,
  21,
  4,
  0,
  11,
  8,
  0,
  16,
]
`;

exports[`Semantic token provider snapshot test 2`] = `
[
  0,
  8,
  6,
  11,
  4,
  2,
  13,
  17,
  2,
  21,
  1,
  13,
  5,
  3,
  4,
  1,
  13,
  6,
  3,
  4,
  1,
  13,
  3,
  3,
  4,
  3,
  4,
  12,
  21,
  4,
  0,
  15,
  17,
  2,
  17,
  0,
  19,
  5,
  3,
  0,
]
`;

exports[`Semantic token provider snapshot test 3`] = `
[
  0,
  8,
  11,
  11,
  4,
  1,
  25,
  16,
  0,
  20,
  1,
  26,
  8,
  21,
  4,
  4,
  24,
  7,
  11,
  4,
  1,
  19,
  11,
  11,
  0,
  0,
  13,
  16,
  0,
  16,
  2,
  25,
  9,
  0,
  20,
  0,
  13,
  16,
  0,
  16,
]
`;

exports[`Semantic token provider snapshot test 4`] = `
[
  0,
  25,
  4,
  11,
  12,
  4,
  20,
  5,
  0,
  29,
  0,
  7,
  5,
  0,
  29,
  1,
  10,
  2,
  25,
  12,
  0,
  7,
  5,
  0,
  25,
  2,
  12,
  7,
  23,
  12,
  0,
  8,
  13,
  24,
  0,
  2,
  9,
  4,
  19,
  12,
  1,
  12,
  9,
  24,
  0,
  3,
  14,
  4,
  26,
  28,
  1,
  5,
  4,
  26,
  24,
  0,
  13,
  1,
  21,
  12,
  0,
  4,
  2,
  0,
  25,
  1,
  9,
  4,
  26,
  24,
  3,
  11,
  6,
  18,
  28,
  1,
  10,
  5,
  19,
  28,
  1,
  17,
  11,
  18,
  28,
  2,
  12,
  5,
  21,
  12,
  0,
  8,
  13,
  17,
  0,
  1,
  21,
  6,
  21,
  268,
  0,
  9,
  3,
  12,
  0,
  2,
  22,
  8,
  5,
  29,
  1,
  18,
  10,
  9,
  13,
  2,
  8,
  3,
  23,
  12,
  0,
  13,
  7,
  17,
  0,
  0,
  8,
  14,
  24,
  0,
  1,
  19,
  1,
  25,
  12,
  0,
  10,
  6,
  18,
  24,
  0,
  10,
  5,
  0,
  25,
]
`;
