// Jest Snapshot v1, https://goo.gl/fbAQLP

exports[`type can declare owned unioning, differencing and intersecting: toParseKerML 1`] = `
{
  "diagnostics": [],
  "lexerErrors": [],
  "parserErrors": [],
  "value": {
    "$type": "Namespace",
    "children": [
      {
        "$type": "OwningMembership",
        "elements": [],
        "target": {
          "$type": "Classifier",
          "children": [],
          "declaredName": "Adult",
          "heritage": [],
          "isSufficient": false,
          "prefixes": [],
          "typeRelationships": [],
        },
      },
      {
        "$type": "OwningMembership",
        "elements": [],
        "target": {
          "$type": "Classifier",
          "children": [],
          "declaredName": "Child",
          "heritage": [],
          "isSufficient": false,
          "prefixes": [],
          "typeRelationships": [],
        },
      },
      {
        "$type": "OwningMembership",
        "elements": [],
        "target": {
          "$type": "Classifier",
          "children": [
            {
              "$type": "FeatureMembership",
              "elements": [],
              "target": {
                "$type": "Feature",
                "children": [],
                "declaredName": "dependents",
                "heritage": [
                  {
                    "$type": "FeatureTyping",
                    "elements": [],
                    "targetRef": {
                      "$type": "TypeReference",
                      "parts": [
                        {
                          "error": undefined,
                          "ref": {
                            "$type": "Classifier",
                            "children": [],
                            "declaredName": "Child",
                            "heritage": [],
                            "isSufficient": false,
                            "prefixes": [],
                            "typeRelationships": [],
                          },
                        },
                      ],
                    },
                  },
                ],
                "isNonunique": false,
                "isOrdered": false,
                "isSufficient": false,
                "multiplicity": {
                  "$type": "OwningMembership",
                  "elements": [],
                  "target": {
                    "$type": "MultiplicityRange",
                    "children": [],
                    "heritage": [],
                    "isNonunique": false,
                    "isOrdered": false,
                    "isSufficient": false,
                    "prefixes": [],
                    "range": {
                      "$type": "OwningMembership",
                      "elements": [],
                      "target": {
                        "$type": "LiteralInfinity",
                        "children": [],
                        "heritage": [],
                        "isNonunique": false,
                        "isOrdered": false,
                        "isSufficient": false,
                        "prefixes": [],
                        "typeRelationships": [],
                      },
                    },
                    "typeRelationships": [],
                  },
                },
                "prefixes": [],
                "typeRelationships": [],
              },
            },
            {
              "$type": "FeatureMembership",
              "elements": [],
              "target": {
                "$type": "Feature",
                "children": [],
                "declaredName": "offspring",
                "heritage": [
                  {
                    "$type": "FeatureTyping",
                    "elements": [],
                    "targetRef": {
                      "$type": "TypeReference",
                      "parts": [
                        {
                          "error": undefined,
                          "ref": [Circular],
                        },
                      ],
                    },
                  },
                ],
                "isNonunique": false,
                "isOrdered": false,
                "isSufficient": false,
                "multiplicity": {
                  "$type": "OwningMembership",
                  "elements": [],
                  "target": {
                    "$type": "MultiplicityRange",
                    "children": [],
                    "heritage": [],
                    "isNonunique": false,
                    "isOrdered": false,
                    "isSufficient": false,
                    "prefixes": [],
                    "range": {
                      "$type": "OwningMembership",
                      "elements": [],
                      "target": {
                        "$type": "LiteralInfinity",
                        "children": [],
                        "heritage": [],
                        "isNonunique": false,
                        "isOrdered": false,
                        "isSufficient": false,
                        "prefixes": [],
                        "typeRelationships": [],
                      },
                    },
                    "typeRelationships": [],
                  },
                },
                "prefixes": [],
                "typeRelationships": [],
              },
            },
            {
              "$type": "FeatureMembership",
              "elements": [],
              "target": {
                "$type": "Feature",
                "children": [],
                "declaredName": "grownOffspring",
                "heritage": [
                  {
                    "$type": "FeatureTyping",
                    "elements": [],
                    "targetRef": {
                      "$type": "TypeReference",
                      "parts": [
                        {
                          "error": undefined,
                          "ref": {
                            "$type": "Classifier",
                            "children": [],
                            "declaredName": "Adult",
                            "heritage": [],
                            "isSufficient": false,
                            "prefixes": [],
                            "typeRelationships": [],
                          },
                        },
                      ],
                    },
                  },
                  {
                    "$type": "Subsetting",
                    "elements": [],
                    "targetRef": {
                      "$type": "FeatureReference",
                      "parts": [
                        {
                          "error": undefined,
                          "ref": {
                            "$type": "Feature",
                            "children": [],
                            "declaredName": "offspring",
                            "heritage": [
                              {
                                "$type": "FeatureTyping",
                                "elements": [],
                                "targetRef": {
                                  "$type": "TypeReference",
                                  "parts": [
                                    {
                                      "error": undefined,
                                      "ref": [Circular],
                                    },
                                  ],
                                },
                              },
                            ],
                            "isNonunique": false,
                            "isOrdered": false,
                            "isSufficient": false,
                            "multiplicity": {
                              "$type": "OwningMembership",
                              "elements": [],
                              "target": {
                                "$type": "MultiplicityRange",
                                "children": [],
                                "heritage": [],
                                "isNonunique": false,
                                "isOrdered": false,
                                "isSufficient": false,
                                "prefixes": [],
                                "range": {
                                  "$type": "OwningMembership",
                                  "elements": [],
                                  "target": {
                                    "$type": "LiteralInfinity",
                                    "children": [],
                                    "heritage": [],
                                    "isNonunique": false,
                                    "isOrdered": false,
                                    "isSufficient": false,
                                    "prefixes": [],
                                    "typeRelationships": [],
                                  },
                                },
                                "typeRelationships": [],
                              },
                            },
                            "prefixes": [],
                            "typeRelationships": [],
                          },
                        },
                      ],
                    },
                  },
                ],
                "isNonunique": false,
                "isOrdered": false,
                "isSufficient": false,
                "multiplicity": {
                  "$type": "OwningMembership",
                  "elements": [],
                  "target": {
                    "$type": "MultiplicityRange",
                    "children": [],
                    "heritage": [],
                    "isNonunique": false,
                    "isOrdered": false,
                    "isSufficient": false,
                    "prefixes": [],
                    "range": {
                      "$type": "OwningMembership",
                      "elements": [],
                      "target": {
                        "$type": "LiteralInfinity",
                        "children": [],
                        "heritage": [],
                        "isNonunique": false,
                        "isOrdered": false,
                        "isSufficient": false,
                        "prefixes": [],
                        "typeRelationships": [],
                      },
                    },
                    "typeRelationships": [],
                  },
                },
                "prefixes": [],
                "typeRelationships": [],
              },
            },
            {
              "$type": "FeatureMembership",
              "elements": [],
              "target": {
                "$type": "Feature",
                "children": [],
                "declaredName": "dependentOffspring",
                "heritage": [
                  {
                    "$type": "FeatureTyping",
                    "elements": [],
                    "targetRef": {
                      "$type": "TypeReference",
                      "parts": [
                        {
                          "error": undefined,
                          "ref": {
                            "$type": "Classifier",
                            "children": [],
                            "declaredName": "Child",
                            "heritage": [],
                            "isSufficient": false,
                            "prefixes": [],
                            "typeRelationships": [],
                          },
                        },
                      ],
                    },
                  },
                  {
                    "$type": "Subsetting",
                    "elements": [],
                    "targetRef": {
                      "$type": "FeatureReference",
                      "parts": [
                        {
                          "error": undefined,
                          "ref": {
                            "$type": "Feature",
                            "children": [],
                            "declaredName": "dependents",
                            "heritage": [
                              {
                                "$type": "FeatureTyping",
                                "elements": [],
                                "targetRef": {
                                  "$type": "TypeReference",
                                  "parts": [
                                    {
                                      "error": undefined,
                                      "ref": {
                                        "$type": "Classifier",
                                        "children": [],
                                        "declaredName": "Child",
                                        "heritage": [],
                                        "isSufficient": false,
                                        "prefixes": [],
                                        "typeRelationships": [],
                                      },
                                    },
                                  ],
                                },
                              },
                            ],
                            "isNonunique": false,
                            "isOrdered": false,
                            "isSufficient": false,
                            "multiplicity": {
                              "$type": "OwningMembership",
                              "elements": [],
                              "target": {
                                "$type": "MultiplicityRange",
                                "children": [],
                                "heritage": [],
                                "isNonunique": false,
                                "isOrdered": false,
                                "isSufficient": false,
                                "prefixes": [],
                                "range": {
                                  "$type": "OwningMembership",
                                  "elements": [],
                                  "target": {
                                    "$type": "LiteralInfinity",
                                    "children": [],
                                    "heritage": [],
                                    "isNonunique": false,
                                    "isOrdered": false,
                                    "isSufficient": false,
                                    "prefixes": [],
                                    "typeRelationships": [],
                                  },
                                },
                                "typeRelationships": [],
                              },
                            },
                            "prefixes": [],
                            "typeRelationships": [],
                          },
                        },
                      ],
                    },
                  },
                  {
                    "$type": "Subsetting",
                    "elements": [],
                    "targetRef": {
                      "$type": "FeatureReference",
                      "parts": [
                        {
                          "error": undefined,
                          "ref": {
                            "$type": "Feature",
                            "children": [],
                            "declaredName": "offspring",
                            "heritage": [
                              {
                                "$type": "FeatureTyping",
                                "elements": [],
                                "targetRef": {
                                  "$type": "TypeReference",
                                  "parts": [
                                    {
                                      "error": undefined,
                                      "ref": [Circular],
                                    },
                                  ],
                                },
                              },
                            ],
                            "isNonunique": false,
                            "isOrdered": false,
                            "isSufficient": false,
                            "multiplicity": {
                              "$type": "OwningMembership",
                              "elements": [],
                              "target": {
                                "$type": "MultiplicityRange",
                                "children": [],
                                "heritage": [],
                                "isNonunique": false,
                                "isOrdered": false,
                                "isSufficient": false,
                                "prefixes": [],
                                "range": {
                                  "$type": "OwningMembership",
                                  "elements": [],
                                  "target": {
                                    "$type": "LiteralInfinity",
                                    "children": [],
                                    "heritage": [],
                                    "isNonunique": false,
                                    "isOrdered": false,
                                    "isSufficient": false,
                                    "prefixes": [],
                                    "typeRelationships": [],
                                  },
                                },
                                "typeRelationships": [],
                              },
                            },
                            "prefixes": [],
                            "typeRelationships": [],
                          },
                        },
                      ],
                    },
                  },
                ],
                "isNonunique": false,
                "isOrdered": false,
                "isSufficient": false,
                "multiplicity": {
                  "$type": "OwningMembership",
                  "elements": [],
                  "target": {
                    "$type": "MultiplicityRange",
                    "children": [],
                    "heritage": [],
                    "isNonunique": false,
                    "isOrdered": false,
                    "isSufficient": false,
                    "prefixes": [],
                    "range": {
                      "$type": "OwningMembership",
                      "elements": [],
                      "target": {
                        "$type": "LiteralInfinity",
                        "children": [],
                        "heritage": [],
                        "isNonunique": false,
                        "isOrdered": false,
                        "isSufficient": false,
                        "prefixes": [],
                        "typeRelationships": [],
                      },
                    },
                    "typeRelationships": [],
                  },
                },
                "prefixes": [],
                "typeRelationships": [
                  {
                    "$type": "Differencing",
                    "elements": [],
                    "targetRef": {
                      "$type": "TypeReference",
                      "parts": [
                        {
                          "error": undefined,
                          "ref": {
                            "$type": "Feature",
                            "children": [],
                            "declaredName": "offspring",
                            "heritage": [
                              {
                                "$type": "FeatureTyping",
                                "elements": [],
                                "targetRef": {
                                  "$type": "TypeReference",
                                  "parts": [
                                    {
                                      "error": undefined,
                                      "ref": [Circular],
                                    },
                                  ],
                                },
                              },
                            ],
                            "isNonunique": false,
                            "isOrdered": false,
                            "isSufficient": false,
                            "multiplicity": {
                              "$type": "OwningMembership",
                              "elements": [],
                              "target": {
                                "$type": "MultiplicityRange",
                                "children": [],
                                "heritage": [],
                                "isNonunique": false,
                                "isOrdered": false,
                                "isSufficient": false,
                                "prefixes": [],
                                "range": {
                                  "$type": "OwningMembership",
                                  "elements": [],
                                  "target": {
                                    "$type": "LiteralInfinity",
                                    "children": [],
                                    "heritage": [],
                                    "isNonunique": false,
                                    "isOrdered": false,
                                    "isSufficient": false,
                                    "prefixes": [],
                                    "typeRelationships": [],
                                  },
                                },
                                "typeRelationships": [],
                              },
                            },
                            "prefixes": [],
                            "typeRelationships": [],
                          },
                        },
                      ],
                    },
                  },
                  {
                    "$type": "Differencing",
                    "elements": [],
                    "targetRef": {
                      "$type": "TypeReference",
                      "parts": [
                        {
                          "error": undefined,
                          "ref": {
                            "$type": "Feature",
                            "children": [],
                            "declaredName": "grownOffspring",
                            "heritage": [
                              {
                                "$type": "FeatureTyping",
                                "elements": [],
                                "targetRef": {
                                  "$type": "TypeReference",
                                  "parts": [
                                    {
                                      "error": undefined,
                                      "ref": {
                                        "$type": "Classifier",
                                        "children": [],
                                        "declaredName": "Adult",
                                        "heritage": [],
                                        "isSufficient": false,
                                        "prefixes": [],
                                        "typeRelationships": [],
                                      },
                                    },
                                  ],
                                },
                              },
                              {
                                "$type": "Subsetting",
                                "elements": [],
                                "targetRef": {
                                  "$type": "FeatureReference",
                                  "parts": [
                                    {
                                      "error": undefined,
                                      "ref": {
                                        "$type": "Feature",
                                        "children": [],
                                        "declaredName": "offspring",
                                        "heritage": [
                                          {
                                            "$type": "FeatureTyping",
                                            "elements": [],
                                            "targetRef": {
                                              "$type": "TypeReference",
                                              "parts": [
                                                {
                                                  "error": undefined,
                                                  "ref": [Circular],
                                                },
                                              ],
                                            },
                                          },
                                        ],
                                        "isNonunique": false,
                                        "isOrdered": false,
                                        "isSufficient": false,
                                        "multiplicity": {
                                          "$type": "OwningMembership",
                                          "elements": [],
                                          "target": {
                                            "$type": "MultiplicityRange",
                                            "children": [],
                                            "heritage": [],
                                            "isNonunique": false,
                                            "isOrdered": false,
                                            "isSufficient": false,
                                            "prefixes": [],
                                            "range": {
                                              "$type": "OwningMembership",
                                              "elements": [],
                                              "target": {
                                                "$type": "LiteralInfinity",
                                                "children": [],
                                                "heritage": [],
                                                "isNonunique": false,
                                                "isOrdered": false,
                                                "isSufficient": false,
                                                "prefixes": [],
                                                "typeRelationships": [],
                                              },
                                            },
                                            "typeRelationships": [],
                                          },
                                        },
                                        "prefixes": [],
                                        "typeRelationships": [],
                                      },
                                    },
                                  ],
                                },
                              },
                            ],
                            "isNonunique": false,
                            "isOrdered": false,
                            "isSufficient": false,
                            "multiplicity": {
                              "$type": "OwningMembership",
                              "elements": [],
                              "target": {
                                "$type": "MultiplicityRange",
                                "children": [],
                                "heritage": [],
                                "isNonunique": false,
                                "isOrdered": false,
                                "isSufficient": false,
                                "prefixes": [],
                                "range": {
                                  "$type": "OwningMembership",
                                  "elements": [],
                                  "target": {
                                    "$type": "LiteralInfinity",
                                    "children": [],
                                    "heritage": [],
                                    "isNonunique": false,
                                    "isOrdered": false,
                                    "isSufficient": false,
                                    "prefixes": [],
                                    "typeRelationships": [],
                                  },
                                },
                                "typeRelationships": [],
                              },
                            },
                            "prefixes": [],
                            "typeRelationships": [],
                          },
                        },
                      ],
                    },
                  },
                  {
                    "$type": "Intersecting",
                    "elements": [],
                    "targetRef": {
                      "$type": "TypeReference",
                      "parts": [
                        {
                          "error": undefined,
                          "ref": {
                            "$type": "Feature",
                            "children": [],
                            "declaredName": "dependents",
                            "heritage": [
                              {
                                "$type": "FeatureTyping",
                                "elements": [],
                                "targetRef": {
                                  "$type": "TypeReference",
                                  "parts": [
                                    {
                                      "error": undefined,
                                      "ref": {
                                        "$type": "Classifier",
                                        "children": [],
                                        "declaredName": "Child",
                                        "heritage": [],
                                        "isSufficient": false,
                                        "prefixes": [],
                                        "typeRelationships": [],
                                      },
                                    },
                                  ],
                                },
                              },
                            ],
                            "isNonunique": false,
                            "isOrdered": false,
                            "isSufficient": false,
                            "multiplicity": {
                              "$type": "OwningMembership",
                              "elements": [],
                              "target": {
                                "$type": "MultiplicityRange",
                                "children": [],
                                "heritage": [],
                                "isNonunique": false,
                                "isOrdered": false,
                                "isSufficient": false,
                                "prefixes": [],
                                "range": {
                                  "$type": "OwningMembership",
                                  "elements": [],
                                  "target": {
                                    "$type": "LiteralInfinity",
                                    "children": [],
                                    "heritage": [],
                                    "isNonunique": false,
                                    "isOrdered": false,
                                    "isSufficient": false,
                                    "prefixes": [],
                                    "typeRelationships": [],
                                  },
                                },
                                "typeRelationships": [],
                              },
                            },
                            "prefixes": [],
                            "typeRelationships": [],
                          },
                        },
                      ],
                    },
                  },
                  {
                    "$type": "Intersecting",
                    "elements": [],
                    "targetRef": {
                      "$type": "TypeReference",
                      "parts": [
                        {
                          "error": undefined,
                          "ref": {
                            "$type": "Feature",
                            "children": [],
                            "declaredName": "offspring",
                            "heritage": [
                              {
                                "$type": "FeatureTyping",
                                "elements": [],
                                "targetRef": {
                                  "$type": "TypeReference",
                                  "parts": [
                                    {
                                      "error": undefined,
                                      "ref": [Circular],
                                    },
                                  ],
                                },
                              },
                            ],
                            "isNonunique": false,
                            "isOrdered": false,
                            "isSufficient": false,
                            "multiplicity": {
                              "$type": "OwningMembership",
                              "elements": [],
                              "target": {
                                "$type": "MultiplicityRange",
                                "children": [],
                                "heritage": [],
                                "isNonunique": false,
                                "isOrdered": false,
                                "isSufficient": false,
                                "prefixes": [],
                                "range": {
                                  "$type": "OwningMembership",
                                  "elements": [],
                                  "target": {
                                    "$type": "LiteralInfinity",
                                    "children": [],
                                    "heritage": [],
                                    "isNonunique": false,
                                    "isOrdered": false,
                                    "isSufficient": false,
                                    "prefixes": [],
                                    "typeRelationships": [],
                                  },
                                },
                                "typeRelationships": [],
                              },
                            },
                            "prefixes": [],
                            "typeRelationships": [],
                          },
                        },
                      ],
                    },
                  },
                ],
              },
            },
          ],
          "declaredName": "Person",
          "heritage": [],
          "isSufficient": false,
          "prefixes": [],
          "typeRelationships": [
            {
              "$type": "Unioning",
              "elements": [],
              "targetRef": {
                "$type": "TypeReference",
                "parts": [
                  {
                    "error": undefined,
                    "ref": {
                      "$type": "Classifier",
                      "children": [],
                      "declaredName": "Adult",
                      "heritage": [],
                      "isSufficient": false,
                      "prefixes": [],
                      "typeRelationships": [],
                    },
                  },
                ],
              },
            },
            {
              "$type": "Unioning",
              "elements": [],
              "targetRef": {
                "$type": "TypeReference",
                "parts": [
                  {
                    "error": undefined,
                    "ref": {
                      "$type": "Classifier",
                      "children": [],
                      "declaredName": "Child",
                      "heritage": [],
                      "isSufficient": false,
                      "prefixes": [],
                      "typeRelationships": [],
                    },
                  },
                ],
              },
            },
          ],
        },
      },
    ],
    "prefixes": [],
  },
}
`;
